[0.882s] Invoking command in '/home/vladislav/ros2_ws/src/line_follower': PYTHONPATH=/home/vladislav/ros2_ws/build/line_follower/prefix_override:/usr/lib/python3/dist-packages/colcon_core/task/python/colcon_distutils_commands:/home/vladislav/ros2_ws/install/line_follower/lib/python3.10/site-packages:${PYTHONPATH} /usr/bin/python3 -W ignore:setup.py install is deprecated -W ignore:easy_install command is deprecated setup.py egg_info --egg-base ../../build/line_follower build --build-base /home/vladislav/ros2_ws/build/line_follower/build install --record /home/vladislav/ros2_ws/build/line_follower/install.log --single-version-externally-managed install_data
[1.171s] running egg_info
[1.172s] writing ../../build/line_follower/line_follower.egg-info/PKG-INFO
[1.172s] writing dependency_links to ../../build/line_follower/line_follower.egg-info/dependency_links.txt
[1.173s] writing entry points to ../../build/line_follower/line_follower.egg-info/entry_points.txt
[1.177s] writing requirements to ../../build/line_follower/line_follower.egg-info/requires.txt
[1.179s] writing top-level names to ../../build/line_follower/line_follower.egg-info/top_level.txt
[1.181s] reading manifest file '../../build/line_follower/line_follower.egg-info/SOURCES.txt'
[1.184s] writing manifest file '../../build/line_follower/line_follower.egg-info/SOURCES.txt'
[1.184s] running build
[1.184s] running build_py
[1.185s] running install
[1.187s] running install_lib
[1.188s] running install_data
[1.188s] running install_egg_info
[1.192s] removing '/home/vladislav/ros2_ws/install/line_follower/lib/python3.10/site-packages/line_follower-0.0.0-py3.10.egg-info' (and everything under it)
[1.194s] Copying ../../build/line_follower/line_follower.egg-info to /home/vladislav/ros2_ws/install/line_follower/lib/python3.10/site-packages/line_follower-0.0.0-py3.10.egg-info
[1.196s] running install_scripts
[1.248s] writing list of installed files to '/home/vladislav/ros2_ws/build/line_follower/install.log'
[1.286s] Invoked command in '/home/vladislav/ros2_ws/src/line_follower' returned '0': PYTHONPATH=/home/vladislav/ros2_ws/build/line_follower/prefix_override:/usr/lib/python3/dist-packages/colcon_core/task/python/colcon_distutils_commands:/home/vladislav/ros2_ws/install/line_follower/lib/python3.10/site-packages:${PYTHONPATH} /usr/bin/python3 -W ignore:setup.py install is deprecated -W ignore:easy_install command is deprecated setup.py egg_info --egg-base ../../build/line_follower build --build-base /home/vladislav/ros2_ws/build/line_follower/build install --record /home/vladislav/ros2_ws/build/line_follower/install.log --single-version-externally-managed install_data
