running develop
Removing /home/vladislav/ros2_ws/install/line_follower/lib/python3.10/site-packages/line-follower.egg-link (link to .)
running egg_info
writing ../../build/line_follower/line_follower.egg-info/PKG-INFO
writing dependency_links to ../../build/line_follower/line_follower.egg-info/dependency_links.txt
writing entry points to ../../build/line_follower/line_follower.egg-info/entry_points.txt
writing requirements to ../../build/line_follower/line_follower.egg-info/requires.txt
writing top-level names to ../../build/line_follower/line_follower.egg-info/top_level.txt
reading manifest file '../../build/line_follower/line_follower.egg-info/SOURCES.txt'
writing manifest file '../../build/line_follower/line_follower.egg-info/SOURCES.txt'
running build
running build_py
creating /home/vladislav/ros2_ws/build/line_follower/build
creating /home/vladislav/ros2_ws/build/line_follower/build/lib
creating /home/vladislav/ros2_ws/build/line_follower/build/lib/line_follower
copying line_follower/__init__.py -> /home/vladislav/ros2_ws/build/line_follower/build/lib/line_follower
running install
running install_lib
creating /home/vladislav/ros2_ws/install/line_follower/lib/python3.10/site-packages/line_follower
copying /home/vladislav/ros2_ws/build/line_follower/build/lib/line_follower/__init__.py -> /home/vladislav/ros2_ws/install/line_follower/lib/python3.10/site-packages/line_follower
byte-compiling /home/vladislav/ros2_ws/install/line_follower/lib/python3.10/site-packages/line_follower/__init__.py to __init__.cpython-310.pyc
running install_data
copying resource/line_follower -> /home/vladislav/ros2_ws/install/line_follower/share/ament_index/resource_index/packages
copying package.xml -> /home/vladislav/ros2_ws/install/line_follower/share/line_follower
running install_egg_info
Copying ../../build/line_follower/line_follower.egg-info to /home/vladislav/ros2_ws/install/line_follower/lib/python3.10/site-packages/line_follower-0.0.0-py3.10.egg-info
running install_scripts
writing list of installed files to '/home/vladislav/ros2_ws/build/line_follower/install.log'
