[0.124s] DEBUG:colcon:Command line arguments: ['/usr/bin/colcon', 'build', '--packages-select', 'ros_ai_assistant']
[0.124s] DEBUG:colcon:Parsed command line arguments: Namespace(log_base=None, log_level=None, verb_name='build', build_base='build', install_base='install', merge_install=False, symlink_install=False, test_result_base=None, continue_on_error=False, executor='parallel', parallel_workers=4, event_handlers=None, ignore_user_meta=False, metas=['./colcon.meta'], base_paths=['.'], packages_ignore=None, packages_ignore_regex=None, paths=None, packages_up_to=None, packages_up_to_regex=None, packages_above=None, packages_above_and_dependencies=None, packages_above_depth=None, packages_select_by_dep=None, packages_skip_by_dep=None, packages_skip_up_to=None, packages_select_build_failed=False, packages_skip_build_finished=False, packages_select_test_failures=False, packages_skip_test_passed=False, packages_select=['ros_ai_assistant'], packages_skip=None, packages_select_regex=None, packages_skip_regex=None, packages_start=None, packages_end=None, allow_overriding=[], cmake_args=None, cmake_target=None, cmake_target_skip_unavailable=False, cmake_clean_cache=False, cmake_clean_first=False, cmake_force_configure=False, ament_cmake_args=None, catkin_cmake_args=None, catkin_skip_building_tests=False, verb_parser=<colcon_defaults.argument_parser.defaults.DefaultArgumentsDecorator object at 0x7025fd91ed70>, verb_extension=<colcon_core.verb.build.BuildVerb object at 0x7025fda68160>, main=<bound method BuildVerb.main of <colcon_core.verb.build.BuildVerb object at 0x7025fda68160>>)
[0.269s] Level 1:colcon.colcon_core.package_discovery:discover_packages(colcon_meta) check parameters
[0.269s] Level 1:colcon.colcon_core.package_discovery:discover_packages(recursive) check parameters
[0.269s] Level 1:colcon.colcon_core.package_discovery:discover_packages(ignore) check parameters
[0.269s] Level 1:colcon.colcon_core.package_discovery:discover_packages(path) check parameters
[0.269s] Level 1:colcon.colcon_core.package_discovery:discover_packages(colcon_meta) discover
[0.269s] Level 1:colcon.colcon_core.package_discovery:discover_packages(recursive) discover
[0.270s] INFO:colcon.colcon_core.package_discovery:Crawling recursively for packages in '/home/vladislav/ros2_ws'
[0.270s] Level 1:colcon.colcon_core.package_identification:_identify(.) by extensions ['ignore', 'ignore_ament_install']
[0.270s] Level 1:colcon.colcon_core.package_identification:_identify(.) by extension 'ignore'
[0.270s] Level 1:colcon.colcon_core.package_identification:_identify(.) by extension 'ignore_ament_install'
[0.270s] Level 1:colcon.colcon_core.package_identification:_identify(.) by extensions ['colcon_pkg']
[0.270s] Level 1:colcon.colcon_core.package_identification:_identify(.) by extension 'colcon_pkg'
[0.270s] Level 1:colcon.colcon_core.package_identification:_identify(.) by extensions ['colcon_meta']
[0.270s] Level 1:colcon.colcon_core.package_identification:_identify(.) by extension 'colcon_meta'
[0.270s] Level 1:colcon.colcon_core.package_identification:_identify(.) by extensions ['ros']
[0.270s] Level 1:colcon.colcon_core.package_identification:_identify(.) by extension 'ros'
[0.286s] Level 1:colcon.colcon_core.package_identification:_identify(.) by extensions ['cmake', 'python']
[0.286s] Level 1:colcon.colcon_core.package_identification:_identify(.) by extension 'cmake'
[0.286s] Level 1:colcon.colcon_core.package_identification:_identify(.) by extension 'python'
[0.286s] Level 1:colcon.colcon_core.package_identification:_identify(.) by extensions ['python_setup_py']
[0.286s] Level 1:colcon.colcon_core.package_identification:_identify(.) by extension 'python_setup_py'
[0.286s] Level 1:colcon.colcon_core.package_identification:_identify(build) by extensions ['ignore', 'ignore_ament_install']
[0.286s] Level 1:colcon.colcon_core.package_identification:_identify(build) by extension 'ignore'
[0.286s] Level 1:colcon.colcon_core.package_identification:_identify(build) ignored
[0.286s] Level 1:colcon.colcon_core.package_identification:_identify(install) by extensions ['ignore', 'ignore_ament_install']
[0.286s] Level 1:colcon.colcon_core.package_identification:_identify(install) by extension 'ignore'
[0.286s] Level 1:colcon.colcon_core.package_identification:_identify(install) ignored
[0.287s] Level 1:colcon.colcon_core.package_identification:_identify(log) by extensions ['ignore', 'ignore_ament_install']
[0.287s] Level 1:colcon.colcon_core.package_identification:_identify(log) by extension 'ignore'
[0.287s] Level 1:colcon.colcon_core.package_identification:_identify(log) ignored
[0.287s] Level 1:colcon.colcon_core.package_identification:_identify(src) by extensions ['ignore', 'ignore_ament_install']
[0.287s] Level 1:colcon.colcon_core.package_identification:_identify(src) by extension 'ignore'
[0.287s] Level 1:colcon.colcon_core.package_identification:_identify(src) by extension 'ignore_ament_install'
[0.287s] Level 1:colcon.colcon_core.package_identification:_identify(src) by extensions ['colcon_pkg']
[0.287s] Level 1:colcon.colcon_core.package_identification:_identify(src) by extension 'colcon_pkg'
[0.287s] Level 1:colcon.colcon_core.package_identification:_identify(src) by extensions ['colcon_meta']
[0.287s] Level 1:colcon.colcon_core.package_identification:_identify(src) by extension 'colcon_meta'
[0.287s] Level 1:colcon.colcon_core.package_identification:_identify(src) by extensions ['ros']
[0.287s] Level 1:colcon.colcon_core.package_identification:_identify(src) by extension 'ros'
[0.287s] Level 1:colcon.colcon_core.package_identification:_identify(src) by extensions ['cmake', 'python']
[0.287s] Level 1:colcon.colcon_core.package_identification:_identify(src) by extension 'cmake'
[0.287s] Level 1:colcon.colcon_core.package_identification:_identify(src) by extension 'python'
[0.287s] Level 1:colcon.colcon_core.package_identification:_identify(src) by extensions ['python_setup_py']
[0.287s] Level 1:colcon.colcon_core.package_identification:_identify(src) by extension 'python_setup_py'
[0.287s] Level 1:colcon.colcon_core.package_identification:_identify(src/line_follower) by extensions ['ignore', 'ignore_ament_install']
[0.288s] Level 1:colcon.colcon_core.package_identification:_identify(src/line_follower) by extension 'ignore'
[0.288s] Level 1:colcon.colcon_core.package_identification:_identify(src/line_follower) by extension 'ignore_ament_install'
[0.288s] Level 1:colcon.colcon_core.package_identification:_identify(src/line_follower) by extensions ['colcon_pkg']
[0.288s] Level 1:colcon.colcon_core.package_identification:_identify(src/line_follower) by extension 'colcon_pkg'
[0.288s] Level 1:colcon.colcon_core.package_identification:_identify(src/line_follower) by extensions ['colcon_meta']
[0.288s] Level 1:colcon.colcon_core.package_identification:_identify(src/line_follower) by extension 'colcon_meta'
[0.288s] Level 1:colcon.colcon_core.package_identification:_identify(src/line_follower) by extensions ['ros']
[0.288s] Level 1:colcon.colcon_core.package_identification:_identify(src/line_follower) by extension 'ros'
[0.290s] DEBUG:colcon.colcon_core.package_identification:Package 'src/line_follower' with type 'ros.ament_python' and name 'line_follower'
[0.290s] Level 1:colcon.colcon_core.package_identification:_identify(src/ros_ai_assistant) by extensions ['ignore', 'ignore_ament_install']
[0.290s] Level 1:colcon.colcon_core.package_identification:_identify(src/ros_ai_assistant) by extension 'ignore'
[0.291s] Level 1:colcon.colcon_core.package_identification:_identify(src/ros_ai_assistant) by extension 'ignore_ament_install'
[0.291s] Level 1:colcon.colcon_core.package_identification:_identify(src/ros_ai_assistant) by extensions ['colcon_pkg']
[0.291s] Level 1:colcon.colcon_core.package_identification:_identify(src/ros_ai_assistant) by extension 'colcon_pkg'
[0.291s] Level 1:colcon.colcon_core.package_identification:_identify(src/ros_ai_assistant) by extensions ['colcon_meta']
[0.291s] Level 1:colcon.colcon_core.package_identification:_identify(src/ros_ai_assistant) by extension 'colcon_meta'
[0.291s] Level 1:colcon.colcon_core.package_identification:_identify(src/ros_ai_assistant) by extensions ['ros']
[0.291s] Level 1:colcon.colcon_core.package_identification:_identify(src/ros_ai_assistant) by extension 'ros'
[0.291s] DEBUG:colcon.colcon_core.package_identification:Package 'src/ros_ai_assistant' with type 'ros.ament_cmake' and name 'ros_ai_assistant'
[0.291s] Level 1:colcon.colcon_core.package_discovery:discover_packages(recursive) using defaults
[0.291s] Level 1:colcon.colcon_core.package_discovery:discover_packages(ignore) discover
[0.292s] Level 1:colcon.colcon_core.package_discovery:discover_packages(ignore) using defaults
[0.292s] Level 1:colcon.colcon_core.package_discovery:discover_packages(path) discover
[0.292s] Level 1:colcon.colcon_core.package_discovery:discover_packages(path) using defaults
[0.310s] INFO:colcon.colcon_core.package_selection:Skipping not selected package 'line_follower' in 'src/line_follower'
[0.311s] Level 1:colcon.colcon_core.package_discovery:discover_packages(prefix_path) check parameters
[0.311s] Level 1:colcon.colcon_core.package_discovery:discover_packages(prefix_path) discover
[0.313s] DEBUG:colcon.colcon_installed_package_information.package_discovery:Found 271 installed packages in /opt/ros/humble
[0.315s] Level 1:colcon.colcon_core.package_discovery:discover_packages(prefix_path) using defaults
[0.368s] Level 5:colcon.colcon_core.verb:set package 'ros_ai_assistant' build argument 'cmake_args' from command line to 'None'
[0.368s] Level 5:colcon.colcon_core.verb:set package 'ros_ai_assistant' build argument 'cmake_target' from command line to 'None'
[0.368s] Level 5:colcon.colcon_core.verb:set package 'ros_ai_assistant' build argument 'cmake_target_skip_unavailable' from command line to 'False'
[0.368s] Level 5:colcon.colcon_core.verb:set package 'ros_ai_assistant' build argument 'cmake_clean_cache' from command line to 'False'
[0.368s] Level 5:colcon.colcon_core.verb:set package 'ros_ai_assistant' build argument 'cmake_clean_first' from command line to 'False'
[0.368s] Level 5:colcon.colcon_core.verb:set package 'ros_ai_assistant' build argument 'cmake_force_configure' from command line to 'False'
[0.368s] Level 5:colcon.colcon_core.verb:set package 'ros_ai_assistant' build argument 'ament_cmake_args' from command line to 'None'
[0.368s] Level 5:colcon.colcon_core.verb:set package 'ros_ai_assistant' build argument 'catkin_cmake_args' from command line to 'None'
[0.368s] Level 5:colcon.colcon_core.verb:set package 'ros_ai_assistant' build argument 'catkin_skip_building_tests' from command line to 'False'
[0.368s] DEBUG:colcon.colcon_core.verb:Building package 'ros_ai_assistant' with the following arguments: {'ament_cmake_args': None, 'build_base': '/home/vladislav/ros2_ws/build/ros_ai_assistant', 'catkin_cmake_args': None, 'catkin_skip_building_tests': False, 'cmake_args': None, 'cmake_clean_cache': False, 'cmake_clean_first': False, 'cmake_force_configure': False, 'cmake_target': None, 'cmake_target_skip_unavailable': False, 'install_base': '/home/vladislav/ros2_ws/install/ros_ai_assistant', 'merge_install': False, 'path': '/home/vladislav/ros2_ws/src/ros_ai_assistant', 'symlink_install': False, 'test_result_base': None}
[0.369s] INFO:colcon.colcon_core.executor:Executing jobs using 'parallel' executor
[0.382s] DEBUG:colcon.colcon_parallel_executor.executor.parallel:run_until_complete
[0.382s] INFO:colcon.colcon_ros.task.ament_cmake.build:Building ROS package in '/home/vladislav/ros2_ws/src/ros_ai_assistant' with build type 'ament_cmake'
[0.383s] INFO:colcon.colcon_cmake.task.cmake.build:Building CMake package in '/home/vladislav/ros2_ws/src/ros_ai_assistant'
[0.386s] INFO:colcon.colcon_core.plugin_system:Skipping extension 'colcon_core.shell.bat': Not used on non-Windows systems
[0.386s] INFO:colcon.colcon_core.shell:Skip shell extension 'powershell' for command environment: Not usable outside of PowerShell
[0.386s] DEBUG:colcon.colcon_core.shell:Skip shell extension 'dsv' for command environment
[0.412s] DEBUG:colcon.colcon_core.event_handler.log_command:Invoking command in '/home/vladislav/ros2_ws/build/ros_ai_assistant': CMAKE_PREFIX_PATH=/opt/ros/humble /usr/bin/cmake /home/vladislav/ros2_ws/src/ros_ai_assistant -DCMAKE_INSTALL_PREFIX=/home/vladislav/ros2_ws/install/ros_ai_assistant
[2.634s] DEBUG:colcon.colcon_core.event_handler.log_command:Invoked command in '/home/vladislav/ros2_ws/build/ros_ai_assistant' returned '0': CMAKE_PREFIX_PATH=/opt/ros/humble /usr/bin/cmake /home/vladislav/ros2_ws/src/ros_ai_assistant -DCMAKE_INSTALL_PREFIX=/home/vladislav/ros2_ws/install/ros_ai_assistant
[2.639s] DEBUG:colcon.colcon_core.event_handler.log_command:Invoking command in '/home/vladislav/ros2_ws/build/ros_ai_assistant': CMAKE_PREFIX_PATH=/opt/ros/humble /usr/bin/cmake --build /home/vladislav/ros2_ws/build/ros_ai_assistant -- -j4 -l4
[16.503s] DEBUG:colcon.colcon_core.event_handler.log_command:Invoked command in '/home/vladislav/ros2_ws/build/ros_ai_assistant' returned '0': CMAKE_PREFIX_PATH=/opt/ros/humble /usr/bin/cmake --build /home/vladislav/ros2_ws/build/ros_ai_assistant -- -j4 -l4
[16.534s] DEBUG:colcon.colcon_core.event_handler.log_command:Invoking command in '/home/vladislav/ros2_ws/build/ros_ai_assistant': CMAKE_PREFIX_PATH=/opt/ros/humble /usr/bin/cmake --install /home/vladislav/ros2_ws/build/ros_ai_assistant
[16.765s] Level 1:colcon.colcon_core.environment:create_environment_scripts_only(ros_ai_assistant)
[16.767s] DEBUG:colcon.colcon_core.event_handler.log_command:Invoked command in '/home/vladislav/ros2_ws/build/ros_ai_assistant' returned '0': CMAKE_PREFIX_PATH=/opt/ros/humble /usr/bin/cmake --install /home/vladislav/ros2_ws/build/ros_ai_assistant
[16.769s] Level 1:colcon.colcon_core.environment:checking '/home/vladislav/ros2_ws/install/ros_ai_assistant' for CMake module files
[16.772s] Level 1:colcon.colcon_core.environment:checking '/home/vladislav/ros2_ws/install/ros_ai_assistant' for CMake config files
[16.773s] Level 1:colcon.colcon_core.shell:create_environment_hook('ros_ai_assistant', 'cmake_prefix_path')
[16.774s] INFO:colcon.colcon_core.shell:Creating environment hook '/home/vladislav/ros2_ws/install/ros_ai_assistant/share/ros_ai_assistant/hook/cmake_prefix_path.ps1'
[16.777s] INFO:colcon.colcon_core.shell:Creating environment descriptor '/home/vladislav/ros2_ws/install/ros_ai_assistant/share/ros_ai_assistant/hook/cmake_prefix_path.dsv'
[16.780s] INFO:colcon.colcon_core.shell:Creating environment hook '/home/vladislav/ros2_ws/install/ros_ai_assistant/share/ros_ai_assistant/hook/cmake_prefix_path.sh'
[16.783s] Level 1:colcon.colcon_core.environment:checking '/home/vladislav/ros2_ws/install/ros_ai_assistant/lib'
[16.784s] Level 1:colcon.colcon_core.shell:create_environment_hook('ros_ai_assistant', 'ld_library_path_lib')
[16.784s] INFO:colcon.colcon_core.shell:Creating environment hook '/home/vladislav/ros2_ws/install/ros_ai_assistant/share/ros_ai_assistant/hook/ld_library_path_lib.ps1'
[16.784s] INFO:colcon.colcon_core.shell:Creating environment descriptor '/home/vladislav/ros2_ws/install/ros_ai_assistant/share/ros_ai_assistant/hook/ld_library_path_lib.dsv'
[16.785s] INFO:colcon.colcon_core.shell:Creating environment hook '/home/vladislav/ros2_ws/install/ros_ai_assistant/share/ros_ai_assistant/hook/ld_library_path_lib.sh'
[16.786s] Level 1:colcon.colcon_core.environment:checking '/home/vladislav/ros2_ws/install/ros_ai_assistant/bin'
[16.786s] Level 1:colcon.colcon_core.environment:checking '/home/vladislav/ros2_ws/install/ros_ai_assistant/lib/pkgconfig/ros_ai_assistant.pc'
[16.786s] Level 1:colcon.colcon_core.environment:checking '/home/vladislav/ros2_ws/install/ros_ai_assistant/lib/python3.10/site-packages'
[16.786s] Level 1:colcon.colcon_core.environment:checking '/home/vladislav/ros2_ws/install/ros_ai_assistant/bin'
[16.786s] INFO:colcon.colcon_core.shell:Creating package script '/home/vladislav/ros2_ws/install/ros_ai_assistant/share/ros_ai_assistant/package.ps1'
[16.788s] INFO:colcon.colcon_core.shell:Creating package descriptor '/home/vladislav/ros2_ws/install/ros_ai_assistant/share/ros_ai_assistant/package.dsv'
[16.789s] INFO:colcon.colcon_core.shell:Creating package script '/home/vladislav/ros2_ws/install/ros_ai_assistant/share/ros_ai_assistant/package.sh'
[16.790s] INFO:colcon.colcon_core.shell:Creating package script '/home/vladislav/ros2_ws/install/ros_ai_assistant/share/ros_ai_assistant/package.bash'
[16.791s] INFO:colcon.colcon_core.shell:Creating package script '/home/vladislav/ros2_ws/install/ros_ai_assistant/share/ros_ai_assistant/package.zsh'
[16.792s] Level 1:colcon.colcon_core.environment:create_file_with_runtime_dependencies(/home/vladislav/ros2_ws/install/ros_ai_assistant/share/colcon-core/packages/ros_ai_assistant)
[16.793s] Level 1:colcon.colcon_core.environment:create_environment_scripts_only(ros_ai_assistant)
[16.794s] Level 1:colcon.colcon_core.environment:checking '/home/vladislav/ros2_ws/install/ros_ai_assistant' for CMake module files
[16.794s] Level 1:colcon.colcon_core.environment:checking '/home/vladislav/ros2_ws/install/ros_ai_assistant' for CMake config files
[16.795s] Level 1:colcon.colcon_core.shell:create_environment_hook('ros_ai_assistant', 'cmake_prefix_path')
[16.795s] INFO:colcon.colcon_core.shell:Creating environment hook '/home/vladislav/ros2_ws/install/ros_ai_assistant/share/ros_ai_assistant/hook/cmake_prefix_path.ps1'
[16.795s] INFO:colcon.colcon_core.shell:Creating environment descriptor '/home/vladislav/ros2_ws/install/ros_ai_assistant/share/ros_ai_assistant/hook/cmake_prefix_path.dsv'
[16.796s] INFO:colcon.colcon_core.shell:Creating environment hook '/home/vladislav/ros2_ws/install/ros_ai_assistant/share/ros_ai_assistant/hook/cmake_prefix_path.sh'
[16.797s] Level 1:colcon.colcon_core.environment:checking '/home/vladislav/ros2_ws/install/ros_ai_assistant/lib'
[16.797s] Level 1:colcon.colcon_core.shell:create_environment_hook('ros_ai_assistant', 'ld_library_path_lib')
[16.798s] INFO:colcon.colcon_core.shell:Creating environment hook '/home/vladislav/ros2_ws/install/ros_ai_assistant/share/ros_ai_assistant/hook/ld_library_path_lib.ps1'
[16.799s] INFO:colcon.colcon_core.shell:Creating environment descriptor '/home/vladislav/ros2_ws/install/ros_ai_assistant/share/ros_ai_assistant/hook/ld_library_path_lib.dsv'
[16.800s] INFO:colcon.colcon_core.shell:Creating environment hook '/home/vladislav/ros2_ws/install/ros_ai_assistant/share/ros_ai_assistant/hook/ld_library_path_lib.sh'
[16.801s] Level 1:colcon.colcon_core.environment:checking '/home/vladislav/ros2_ws/install/ros_ai_assistant/bin'
[16.801s] Level 1:colcon.colcon_core.environment:checking '/home/vladislav/ros2_ws/install/ros_ai_assistant/lib/pkgconfig/ros_ai_assistant.pc'
[16.802s] Level 1:colcon.colcon_core.environment:checking '/home/vladislav/ros2_ws/install/ros_ai_assistant/lib/python3.10/site-packages'
[16.802s] Level 1:colcon.colcon_core.environment:checking '/home/vladislav/ros2_ws/install/ros_ai_assistant/bin'
[16.803s] INFO:colcon.colcon_core.shell:Creating package script '/home/vladislav/ros2_ws/install/ros_ai_assistant/share/ros_ai_assistant/package.ps1'
[16.804s] INFO:colcon.colcon_core.shell:Creating package descriptor '/home/vladislav/ros2_ws/install/ros_ai_assistant/share/ros_ai_assistant/package.dsv'
[16.804s] INFO:colcon.colcon_core.shell:Creating package script '/home/vladislav/ros2_ws/install/ros_ai_assistant/share/ros_ai_assistant/package.sh'
[16.805s] INFO:colcon.colcon_core.shell:Creating package script '/home/vladislav/ros2_ws/install/ros_ai_assistant/share/ros_ai_assistant/package.bash'
[16.806s] INFO:colcon.colcon_core.shell:Creating package script '/home/vladislav/ros2_ws/install/ros_ai_assistant/share/ros_ai_assistant/package.zsh'
[16.807s] Level 1:colcon.colcon_core.environment:create_file_with_runtime_dependencies(/home/vladislav/ros2_ws/install/ros_ai_assistant/share/colcon-core/packages/ros_ai_assistant)
[16.808s] DEBUG:colcon.colcon_parallel_executor.executor.parallel:closing loop
[16.809s] DEBUG:colcon.colcon_parallel_executor.executor.parallel:loop closed
[16.809s] DEBUG:colcon.colcon_parallel_executor.executor.parallel:run_until_complete finished with '0'
[16.809s] DEBUG:colcon.colcon_core.event_reactor:joining thread
[16.816s] INFO:colcon.colcon_core.plugin_system:Skipping extension 'colcon_notification.desktop_notification.terminal_notifier': Not used on non-Darwin systems
[16.816s] INFO:colcon.colcon_core.plugin_system:Skipping extension 'colcon_notification.desktop_notification.win32': Not used on non-Windows systems
[16.816s] INFO:colcon.colcon_notification.desktop_notification:Sending desktop notification using 'notify2'
[16.852s] DEBUG:colcon.colcon_core.event_reactor:joined thread
[16.853s] INFO:colcon.colcon_core.shell:Creating prefix script '/home/vladislav/ros2_ws/install/local_setup.ps1'
[16.854s] INFO:colcon.colcon_core.shell:Creating prefix util module '/home/vladislav/ros2_ws/install/_local_setup_util_ps1.py'
[16.857s] INFO:colcon.colcon_core.shell:Creating prefix chain script '/home/vladislav/ros2_ws/install/setup.ps1'
[16.858s] INFO:colcon.colcon_core.shell:Creating prefix script '/home/vladislav/ros2_ws/install/local_setup.sh'
[16.860s] INFO:colcon.colcon_core.shell:Creating prefix util module '/home/vladislav/ros2_ws/install/_local_setup_util_sh.py'
[16.862s] INFO:colcon.colcon_core.shell:Creating prefix chain script '/home/vladislav/ros2_ws/install/setup.sh'
[16.864s] INFO:colcon.colcon_core.shell:Creating prefix script '/home/vladislav/ros2_ws/install/local_setup.bash'
[16.865s] INFO:colcon.colcon_core.shell:Creating prefix chain script '/home/vladislav/ros2_ws/install/setup.bash'
[16.867s] INFO:colcon.colcon_core.shell:Creating prefix script '/home/vladislav/ros2_ws/install/local_setup.zsh'
[16.869s] INFO:colcon.colcon_core.shell:Creating prefix chain script '/home/vladislav/ros2_ws/install/setup.zsh'
