running develop
running egg_info
creating line_follower.egg-info
writing line_follower.egg-info/PKG-INFO
writing dependency_links to line_follower.egg-info/dependency_links.txt
writing entry points to line_follower.egg-info/entry_points.txt
writing requirements to line_follower.egg-info/requires.txt
writing top-level names to line_follower.egg-info/top_level.txt
writing manifest file 'line_follower.egg-info/SOURCES.txt'
reading manifest file 'line_follower.egg-info/SOURCES.txt'
writing manifest file 'line_follower.egg-info/SOURCES.txt'
running build_ext
Creating /home/vladislav/ros2_ws/install/line_follower/lib/python3.10/site-packages/line-follower.egg-link (link to .)

Installed /home/vladislav/ros2_ws/build/line_follower
running symlink_data
creating /home/vladislav/ros2_ws/install/line_follower/share/ament_index
creating /home/vladislav/ros2_ws/install/line_follower/share/ament_index/resource_index
creating /home/vladislav/ros2_ws/install/line_follower/share/ament_index/resource_index/packages
symbolically linking /home/vladislav/ros2_ws/build/line_follower/resource/line_follower -> /home/vladislav/ros2_ws/install/line_follower/share/ament_index/resource_index/packages
symbolically linking /home/vladislav/ros2_ws/build/line_follower/package.xml -> /home/vladislav/ros2_ws/install/line_follower/share/line_follower
