[1.443s] Invoking command in '/home/vladislav/ros2_ws/build/line_follower': PYTHONPATH=/home/vladislav/ros2_ws/build/line_follower/prefix_override:/usr/lib/python3/dist-packages/colcon_core/task/python/colcon_distutils_commands:/home/vladislav/ros2_ws/install/line_follower/lib/python3.10/site-packages:${PYTHONPATH} /usr/bin/python3 -W ignore:setup.py install is deprecated -W ignore:easy_install command is deprecated setup.py develop --editable --build-directory /home/vladislav/ros2_ws/build/line_follower/build --no-deps symlink_data
[1.908s] running develop
[2.183s] running egg_info
[2.184s] creating line_follower.egg-info
[2.186s] writing line_follower.egg-info/PKG-INFO
[2.186s] writing dependency_links to line_follower.egg-info/dependency_links.txt
[2.188s] writing entry points to line_follower.egg-info/entry_points.txt
[2.188s] writing requirements to line_follower.egg-info/requires.txt
[2.188s] writing top-level names to line_follower.egg-info/top_level.txt
[2.189s] writing manifest file 'line_follower.egg-info/SOURCES.txt'
[2.193s] reading manifest file 'line_follower.egg-info/SOURCES.txt'
[2.195s] writing manifest file 'line_follower.egg-info/SOURCES.txt'
[2.200s] running build_ext
[2.200s] Creating /home/vladislav/ros2_ws/install/line_follower/lib/python3.10/site-packages/line-follower.egg-link (link to .)
[2.202s] 
[2.202s] Installed /home/vladislav/ros2_ws/build/line_follower
[2.202s] running symlink_data
[2.202s] creating /home/vladislav/ros2_ws/install/line_follower/share/ament_index
[2.202s] creating /home/vladislav/ros2_ws/install/line_follower/share/ament_index/resource_index
[2.206s] creating /home/vladislav/ros2_ws/install/line_follower/share/ament_index/resource_index/packages
[2.206s] symbolically linking /home/vladislav/ros2_ws/build/line_follower/resource/line_follower -> /home/vladislav/ros2_ws/install/line_follower/share/ament_index/resource_index/packages
[2.206s] symbolically linking /home/vladislav/ros2_ws/build/line_follower/package.xml -> /home/vladislav/ros2_ws/install/line_follower/share/line_follower
[2.279s] Invoked command in '/home/vladislav/ros2_ws/build/line_follower' returned '0': PYTHONPATH=/home/vladislav/ros2_ws/build/line_follower/prefix_override:/usr/lib/python3/dist-packages/colcon_core/task/python/colcon_distutils_commands:/home/vladislav/ros2_ws/install/line_follower/lib/python3.10/site-packages:${PYTHONPATH} /usr/bin/python3 -W ignore:setup.py install is deprecated -W ignore:easy_install command is deprecated setup.py develop --editable --build-directory /home/vladislav/ros2_ws/build/line_follower/build --no-deps symlink_data
