[0.067s] Invoking command in '/home/vladislav/ros2_ws/build/ros_ai_assistant': /usr/bin/cmake /home/vladislav/ros2_ws/src/ros_ai_assistant -DCATKIN_INSTALL_INTO_PREFIX_ROOT=0 -DCMAKE_INSTALL_PREFIX=/home/vladislav/ros2_ws/install/ros_ai_assistant
[0.639s] -- The C compiler identification is GNU 11.4.0
[1.029s] -- The CXX compiler identification is GNU 11.4.0
[1.081s] -- Detecting C compiler ABI info
[1.270s] -- Detecting C compiler ABI info - done
[1.281s] -- Check for working C compiler: /usr/bin/cc - skipped
[1.284s] -- Detecting C compile features
[1.287s] -- Detecting C compile features - done
[1.299s] -- Detecting CXX compiler ABI info
[1.481s] -- Detecting CXX compiler ABI info - done
[1.491s] -- Check for working CXX compiler: /usr/bin/c++ - skipped
[1.492s] -- Detecting CXX compile features
[1.492s] -- Detecting CXX compile features - done
[1.506s] -- Found ament_cmake: 1.3.12 (/opt/ros/humble/share/ament_cmake/cmake)
[1.776s] -- Found Python3: /usr/bin/python3 (found version "3.10.12") found components: Interpreter 
[2.104s] -- Found rclcpp: 16.0.15 (/opt/ros/humble/share/rclcpp/cmake)
[2.345s] -- Found rosidl_generator_c: 3.1.7 (/opt/ros/humble/share/rosidl_generator_c/cmake)
[2.368s] -- Found rosidl_adapter: 3.1.7 (/opt/ros/humble/share/rosidl_adapter/cmake)
[2.432s] -- Found rosidl_generator_cpp: 3.1.7 (/opt/ros/humble/share/rosidl_generator_cpp/cmake)
[2.507s] -- Using all available rosidl_typesupport_c: rosidl_typesupport_fastrtps_c;rosidl_typesupport_introspection_c
[2.587s] -- Using all available rosidl_typesupport_cpp: rosidl_typesupport_fastrtps_cpp;rosidl_typesupport_introspection_cpp
[2.812s] -- Found rmw_implementation_cmake: 6.1.2 (/opt/ros/humble/share/rmw_implementation_cmake/cmake)
[2.830s] -- Found rmw_fastrtps_cpp: 6.2.9 (/opt/ros/humble/share/rmw_fastrtps_cpp/cmake)
[3.172s] -- Found OpenSSL: /usr/lib/x86_64-linux-gnu/libcrypto.so (found version "3.0.2")  
[3.216s] -- Found FastRTPS: /opt/ros/humble/include  
[3.271s] -- Using RMW implementation 'rmw_fastrtps_cpp' as default
[3.318s] -- Looking for pthread.h
[3.563s] -- Looking for pthread.h - found
[3.565s] -- Performing Test CMAKE_HAVE_LIBC_PTHREAD
[3.725s] -- Performing Test CMAKE_HAVE_LIBC_PTHREAD - Success
[3.727s] -- Found Threads: TRUE  
[3.986s] -- Found rosidl_default_generators: 1.2.0 (/opt/ros/humble/share/rosidl_default_generators/cmake)
[4.382s] [31mCMake Error at /opt/ros/humble/share/rosidl_cmake/cmake/rosidl_generate_interfaces.cmake:229 (message):
[4.388s]   Packages installing interfaces must include
[4.388s]   '<member_of_group>rosidl_interface_packages</member_of_group>' in their
[4.388s]   package.xml
[4.388s] Call Stack (most recent call first):
[4.388s]   CMakeLists.txt:36 (rosidl_generate_interfaces)
[4.388s] 
[4.388s] [0m
[4.388s] -- Configuring incomplete, errors occurred!
[4.389s] See also "/home/vladislav/ros2_ws/build/ros_ai_assistant/CMakeFiles/CMakeOutput.log".
[4.414s] Invoked command in '/home/vladislav/ros2_ws/build/ros_ai_assistant' returned '1': /usr/bin/cmake /home/vladislav/ros2_ws/src/ros_ai_assistant -DCATKIN_INSTALL_INTO_PREFIX_ROOT=0 -DCMAKE_INSTALL_PREFIX=/home/vladislav/ros2_ws/install/ros_ai_assistant
