[0.036s] Invoking command in '/home/vladislav/ros2_ws/build/ros_ai_assistant': /usr/bin/cmake /home/vladislav/ros2_ws/src/ros_ai_assistant -DCMAKE_INSTALL_PREFIX=/home/vladislav/ros2_ws/install/ros_ai_assistant
[0.059s] -- Found ament_cmake: 1.3.12 (/opt/ros/humble/share/ament_cmake/cmake)
[0.236s] -- Found rclcpp: 16.0.15 (/opt/ros/humble/share/rclcpp/cmake)
[0.273s] -- Found rosidl_generator_c: 3.1.7 (/opt/ros/humble/share/rosidl_generator_c/cmake)
[0.276s] -- Found rosidl_adapter: 3.1.7 (/opt/ros/humble/share/rosidl_adapter/cmake)
[0.283s] -- Found rosidl_generator_cpp: 3.1.7 (/opt/ros/humble/share/rosidl_generator_cpp/cmake)
[0.294s] -- Using all available rosidl_typesupport_c: rosidl_typesupport_fastrtps_c;rosidl_typesupport_introspection_c
[0.308s] -- Using all available rosidl_typesupport_cpp: rosidl_typesupport_fastrtps_cpp;rosidl_typesupport_introspection_cpp
[0.343s] -- Found rmw_implementation_cmake: 6.1.2 (/opt/ros/humble/share/rmw_implementation_cmake/cmake)
[0.346s] -- Found rmw_fastrtps_cpp: 6.2.9 (/opt/ros/humble/share/rmw_fastrtps_cpp/cmake)
[0.486s] -- Using RMW implementation 'rmw_fastrtps_cpp' as default
[0.537s] -- Found rosidl_default_generators: 1.2.0 (/opt/ros/humble/share/rosidl_default_generators/cmake)
[0.862s] Error parsing '/home/vladislav/ros2_ws/src/ros_ai_assistant/package.xml':
[0.929s] Traceback (most recent call last):
[0.929s]   File "/usr/lib/python3/dist-packages/catkin_pkg/package.py", line 610, in parse_package_string
[0.931s]     root = dom.parseString(data)
[0.931s]   File "/usr/lib/python3.10/xml/dom/minidom.py", line 2000, in parseString
[0.936s]     return expatbuilder.parseString(string)
[0.936s]   File "/usr/lib/python3.10/xml/dom/expatbuilder.py", line 925, in parseString
[0.939s]     return builder.parseString(string)
[0.939s]   File "/usr/lib/python3.10/xml/dom/expatbuilder.py", line 223, in parseString
[0.939s]     parser.Parse(string, True)
[0.939s] xml.parsers.expat.ExpatError: not well-formed (invalid token): line 36, column 1
[0.940s] 
[0.940s] During handling of the above exception, another exception occurred:
[0.940s] 
[0.940s] Traceback (most recent call last):
[0.940s]   File "/opt/ros/humble/share/ament_cmake_core/cmake/core/package_xml_2_cmake.py", line 150, in <module>
[0.940s]     main()
[0.940s]   File "/opt/ros/humble/share/ament_cmake_core/cmake/core/package_xml_2_cmake.py", line 53, in main
[0.940s]     raise e
[0.940s]   File "/opt/ros/humble/share/ament_cmake_core/cmake/core/package_xml_2_cmake.py", line 49, in main
[0.940s]     package = parse_package_string(
[0.940s]   File "/usr/lib/python3/dist-packages/catkin_pkg/package.py", line 612, in parse_package_string
[0.940s]     raise InvalidPackage('The manifest contains invalid XML:\n%s' % ex, filename)
[0.940s] catkin_pkg.package.InvalidPackage: Error(s) in package '/home/vladislav/ros2_ws/src/ros_ai_assistant/package.xml':
[0.940s] The manifest contains invalid XML:
[0.940s] not well-formed (invalid token): line 36, column 1
[0.964s] [31mCMake Error at /opt/ros/humble/share/ament_cmake_core/cmake/core/ament_package_xml.cmake:95 (message):
[0.964s]   execute_process(/usr/bin/python3
[0.964s]   /opt/ros/humble/share/ament_cmake_core/cmake/core/package_xml_2_cmake.py
[0.964s]   /home/vladislav/ros2_ws/src/ros_ai_assistant/package.xml
[0.964s]   /home/vladislav/ros2_ws/build/ros_ai_assistant/ament_cmake_core/package.cmake)
[0.964s]   returned error code 1
[0.964s] Call Stack (most recent call first):
[0.964s]   /opt/ros/humble/share/ament_cmake_core/cmake/core/ament_package_xml.cmake:49 (_ament_package_xml)
[0.964s]   /opt/ros/humble/share/rosidl_cmake/cmake/rosidl_generate_interfaces.cmake:226 (ament_package_xml)
[0.964s]   CMakeLists.txt:36 (rosidl_generate_interfaces)
[0.964s] 
[0.964s] [0m
[0.965s] -- Configuring incomplete, errors occurred!
[0.965s] See also "/home/vladislav/ros2_ws/build/ros_ai_assistant/CMakeFiles/CMakeOutput.log".
[0.982s] Invoked command in '/home/vladislav/ros2_ws/build/ros_ai_assistant' returned '1': /usr/bin/cmake /home/vladislav/ros2_ws/src/ros_ai_assistant -DCMAKE_INSTALL_PREFIX=/home/vladislav/ros2_ws/install/ros_ai_assistant
