[0.684s] Invoking command in '/home/vladislav/ros2_ws/src/line_follower': PYTHONPATH=/home/vladislav/ros2_ws/build/line_follower/prefix_override:/usr/lib/python3/dist-packages/colcon_core/task/python/colcon_distutils_commands:/home/vladislav/ros2_ws/install/line_follower/lib/python3.10/site-packages:${PYTHONPATH} /usr/bin/python3 -W ignore:setup.py install is deprecated -W ignore:easy_install command is deprecated setup.py egg_info --egg-base ../../build/line_follower build --build-base /home/vladislav/ros2_ws/build/line_follower/build install --record /home/vladislav/ros2_ws/build/line_follower/install.log --single-version-externally-managed install_data
[0.931s] running egg_info
[0.932s] writing ../../build/line_follower/line_follower.egg-info/PKG-INFO
[0.932s] writing dependency_links to ../../build/line_follower/line_follower.egg-info/dependency_links.txt
[0.933s] writing entry points to ../../build/line_follower/line_follower.egg-info/entry_points.txt
[0.934s] writing requirements to ../../build/line_follower/line_follower.egg-info/requires.txt
[0.935s] writing top-level names to ../../build/line_follower/line_follower.egg-info/top_level.txt
[0.940s] reading manifest file '../../build/line_follower/line_follower.egg-info/SOURCES.txt'
[0.941s] writing manifest file '../../build/line_follower/line_follower.egg-info/SOURCES.txt'
[0.941s] running build
[0.941s] running build_py
[0.942s] running install
[0.943s] running install_lib
[0.943s] running install_data
[0.944s] running install_egg_info
[0.946s] removing '/home/vladislav/ros2_ws/install/line_follower/lib/python3.10/site-packages/line_follower-0.0.0-py3.10.egg-info' (and everything under it)
[0.947s] Copying ../../build/line_follower/line_follower.egg-info to /home/vladislav/ros2_ws/install/line_follower/lib/python3.10/site-packages/line_follower-0.0.0-py3.10.egg-info
[0.948s] running install_scripts
[0.987s] writing list of installed files to '/home/vladislav/ros2_ws/build/line_follower/install.log'
[1.026s] Invoked command in '/home/vladislav/ros2_ws/src/line_follower' returned '0': PYTHONPATH=/home/vladislav/ros2_ws/build/line_follower/prefix_override:/usr/lib/python3/dist-packages/colcon_core/task/python/colcon_distutils_commands:/home/vladislav/ros2_ws/install/line_follower/lib/python3.10/site-packages:${PYTHONPATH} /usr/bin/python3 -W ignore:setup.py install is deprecated -W ignore:easy_install command is deprecated setup.py egg_info --egg-base ../../build/line_follower build --build-base /home/vladislav/ros2_ws/build/line_follower/build install --record /home/vladislav/ros2_ws/build/line_follower/install.log --single-version-externally-managed install_data
